2026-04-09 22:29:21 - #----------Config info----------#
2026-04-09 22:29:21 - network: vmunet,
2026-04-09 22:29:21 - model_config: {'num_classes': 1, 'input_channels': 3, 'depths': [2, 2, 9, 2], 'depths_decoder': [2, 2, 2, 1], 'drop_path_rate': 0.2, 'load_ckpt_path': './pre_trained_weights/vmamba_small_e238_ema.pth'},
2026-04-09 22:29:21 - datasets: isic18,
2026-04-09 22:29:21 - data_path: ./data/isic18/,
2026-04-09 22:29:21 - criterion: BceDiceLoss(
  (bce): BCELoss(
    (bceloss): BCELoss()
  )
  (dice): DiceLoss()
),
2026-04-09 22:29:21 - pretrained_path: ./pre_trained/,
2026-04-09 22:29:21 - num_classes: 1,
2026-04-09 22:29:21 - input_size_h: 256,
2026-04-09 22:29:21 - input_size_w: 256,
2026-04-09 22:29:21 - input_channels: 3,
2026-04-09 22:29:21 - distributed: False,
2026-04-09 22:29:21 - local_rank: -1,
2026-04-09 22:29:21 - num_workers: 16,
2026-04-09 22:29:21 - seed: 42,
2026-04-09 22:29:21 - world_size: None,
2026-04-09 22:29:21 - rank: None,
2026-04-09 22:29:21 - amp: True,
2026-04-09 22:29:21 - gpu_id: 0,
2026-04-09 22:29:21 - batch_size: 32,
2026-04-09 22:29:21 - epochs: 120,
2026-04-09 22:29:21 - work_dir: results/vmunet_isic18_Thursday_09_April_2026_22h_29m_21s/,
2026-04-09 22:29:21 - print_interval: 20,
2026-04-09 22:29:21 - val_interval: 1,
2026-04-09 22:29:21 - save_interval: 100,
2026-04-09 22:29:21 - threshold: 0.5,
2026-04-09 22:29:21 - only_test_and_save_figs: False,
2026-04-09 22:29:21 - best_ckpt_path: /root/root/VM-UNet/results/9_8288/checkpoints/best-epoch76-miou0.8288.pth,
2026-04-09 22:29:21 - img_save_path: ,
2026-04-09 22:29:21 - train_transformer: Compose(
    <utils.myNormalize object at 0x7fc03a341ca0>
    <utils.myToTensor object at 0x7fc03a356e50>
    <utils.myRandomHorizontalFlip object at 0x7fc03a356d00>
    <utils.myRandomVerticalFlip object at 0x7fc03a3565b0>
    <utils.myRandomRotation object at 0x7fc03a356700>
    <utils.myResize object at 0x7fc03a356f10>
),
2026-04-09 22:29:21 - test_transformer: Compose(
    <utils.myNormalize object at 0x7fc03a356fd0>
    <utils.myToTensor object at 0x7fc03a35e070>
    <utils.myResize object at 0x7fc03a35e0a0>
),
2026-04-09 22:29:21 - opt: AdamW,
2026-04-09 22:29:21 - lr: 0.0002,
2026-04-09 22:29:21 - betas: (0.9, 0.999),
2026-04-09 22:29:21 - eps: 1e-08,
2026-04-09 22:29:21 - weight_decay: 0.05,
2026-04-09 22:29:21 - amsgrad: False,
2026-04-09 22:29:21 - sch: WP_CosineLR,
2026-04-09 22:29:21 - warm_up_epochs: 10,
2026-04-09 22:29:21 - T_max: 120,
2026-04-09 22:29:21 - eta_min: 1e-06,
2026-04-09 22:29:26 - flops: 5.717950464, params: 28.300777, Total params: : 37.6723
2026-04-09 22:32:19 - val epoch: 1, loss: 1.4828, miou: 0.2114, f1_or_dsc: 0.3490, accuracy: 0.4394,                 specificity: 0.3821, sensitivity: 0.6174, confusion_matrix: [[15309870 24753627]
 [ 4931758  7957833]]
2026-04-09 22:32:19 - 💎 New best mIoU: 0.2114 at epoch 1
2026-04-09 22:35:11 - val epoch: 2, loss: 0.7928, miou: 0.7720, f1_or_dsc: 0.8713, accuracy: 0.9371,                 specificity: 0.9573, sensitivity: 0.8744, confusion_matrix: [[38353834  1709663]
 [ 1618888 11270703]]
2026-04-09 22:35:12 - 💎 New best mIoU: 0.7720 at epoch 2
2026-04-09 22:38:03 - val epoch: 3, loss: 0.7451, miou: 0.7873, f1_or_dsc: 0.8810, accuracy: 0.9401,                 specificity: 0.9497, sensitivity: 0.9103, confusion_matrix: [[38048886  2014611]
 [ 1155745 11733846]]
2026-04-09 22:38:04 - 💎 New best mIoU: 0.7873 at epoch 3
2026-04-09 22:40:54 - val epoch: 4, loss: 0.6830, miou: 0.7880, f1_or_dsc: 0.8814, accuracy: 0.9391,                 specificity: 0.9419, sensitivity: 0.9302, confusion_matrix: [[37735830  2327667]
 [  899102 11990489]]
2026-04-09 22:40:54 - 💎 New best mIoU: 0.7880 at epoch 4
2026-04-09 22:43:48 - val epoch: 5, loss: 0.5897, miou: 0.8022, f1_or_dsc: 0.8902, accuracy: 0.9449,                 specificity: 0.9536, sensitivity: 0.9179, confusion_matrix: [[38203321  1860176]
 [ 1057761 11831830]]
2026-04-09 22:43:48 - 💎 New best mIoU: 0.8022 at epoch 5
2026-04-09 22:46:40 - val epoch: 6, loss: 0.5982, miou: 0.8107, f1_or_dsc: 0.8955, accuracy: 0.9489,                 specificity: 0.9648, sensitivity: 0.8994, confusion_matrix: [[38653843  1409654]
 [ 1296760 11592831]]
2026-04-09 22:46:40 - 💎 New best mIoU: 0.8107 at epoch 6
2026-04-09 22:49:31 - val epoch: 7, loss: 1.0480, miou: 0.8034, f1_or_dsc: 0.8910, accuracy: 0.9461,                 specificity: 0.9594, sensitivity: 0.9047, confusion_matrix: [[38438847  1624650]
 [ 1228292 11661299]]
2026-04-09 22:52:24 - val epoch: 8, loss: 1.2800, miou: 0.2887, f1_or_dsc: 0.4480, accuracy: 0.4019,                 specificity: 0.2104, sensitivity: 0.9972, confusion_matrix: [[ 8430299 31633198]
 [   35858 12853733]]
2026-04-09 22:55:20 - val epoch: 9, loss: 1.2255, miou: 0.4556, f1_or_dsc: 0.6260, accuracy: 0.7146,                 specificity: 0.6287, sensitivity: 0.9814, confusion_matrix: [[25189729 14873768]
 [  239248 12650343]]
2026-04-09 22:58:15 - val epoch: 10, loss: 1.0496, miou: 0.7927, f1_or_dsc: 0.8844, accuracy: 0.9427,                 specificity: 0.9565, sensitivity: 0.8999, confusion_matrix: [[38320354  1743143]
 [ 1290143 11599448]]
2026-04-09 23:01:07 - val epoch: 11, loss: 0.9383, miou: 0.7936, f1_or_dsc: 0.8849, accuracy: 0.9426,                 specificity: 0.9542, sensitivity: 0.9066, confusion_matrix: [[38228807  1834690]
 [ 1204084 11685507]]
2026-04-09 23:04:02 - val epoch: 12, loss: 0.7264, miou: 0.7809, f1_or_dsc: 0.8770, accuracy: 0.9382,                 specificity: 0.9491, sensitivity: 0.9045, confusion_matrix: [[38024357  2039140]
 [ 1231491 11658100]]
2026-04-09 23:06:53 - val epoch: 13, loss: 0.6228, miou: 0.7991, f1_or_dsc: 0.8883, accuracy: 0.9459,                 specificity: 0.9661, sensitivity: 0.8832, confusion_matrix: [[38707019  1356478]
 [ 1505703 11383888]]
2026-04-09 23:09:46 - val epoch: 14, loss: 0.5549, miou: 0.8004, f1_or_dsc: 0.8891, accuracy: 0.9439,                 specificity: 0.9504, sensitivity: 0.9236, confusion_matrix: [[38078036  1985461]
 [  984224 11905367]]
2026-04-09 23:12:40 - val epoch: 15, loss: 0.5883, miou: 0.8029, f1_or_dsc: 0.8907, accuracy: 0.9480,                 specificity: 0.9730, sensitivity: 0.8704, confusion_matrix: [[38980833  1082664]
 [ 1670856 11218735]]
2026-04-09 23:15:34 - val epoch: 16, loss: 0.8147, miou: 0.8035, f1_or_dsc: 0.8910, accuracy: 0.9454,                 specificity: 0.9542, sensitivity: 0.9177, confusion_matrix: [[38230204  1833293]
 [ 1060257 11829334]]
2026-04-09 23:18:27 - val epoch: 17, loss: 0.5599, miou: 0.8012, f1_or_dsc: 0.8896, accuracy: 0.9476,                 specificity: 0.9736, sensitivity: 0.8670, confusion_matrix: [[39004553  1058944]
 [ 1714481 11175110]]
2026-04-09 23:21:21 - val epoch: 18, loss: 0.5270, miou: 0.8010, f1_or_dsc: 0.8895, accuracy: 0.9472,                 specificity: 0.9708, sensitivity: 0.8736, confusion_matrix: [[38894096  1169401]
 [ 1628633 11260958]]
2026-04-09 23:24:12 - val epoch: 19, loss: 0.6104, miou: 0.8063, f1_or_dsc: 0.8928, accuracy: 0.9461,                 specificity: 0.9536, sensitivity: 0.9225, confusion_matrix: [[38205626  1857871]
 [  998835 11890756]]
2026-04-09 23:27:04 - val epoch: 20, loss: 0.5555, miou: 0.8032, f1_or_dsc: 0.8909, accuracy: 0.9457,                 specificity: 0.9568, sensitivity: 0.9111, confusion_matrix: [[38333534  1729963]
 [ 1146500 11743091]]
2026-04-09 23:30:01 - val epoch: 21, loss: 0.4901, miou: 0.7956, f1_or_dsc: 0.8861, accuracy: 0.9453,                 specificity: 0.9680, sensitivity: 0.8747, confusion_matrix: [[38782264  1281233]
 [ 1615698 11273893]]
2026-04-09 23:32:51 - val epoch: 22, loss: 0.4150, miou: 0.7909, f1_or_dsc: 0.8833, accuracy: 0.9405,                 specificity: 0.9454, sensitivity: 0.9250, confusion_matrix: [[37877913  2185584]
 [  966435 11923156]]
2026-04-09 23:35:41 - val epoch: 23, loss: 0.3721, miou: 0.8074, f1_or_dsc: 0.8934, accuracy: 0.9469,                 specificity: 0.9573, sensitivity: 0.9146, confusion_matrix: [[38351685  1711812]
 [ 1100652 11788939]]
2026-04-09 23:38:34 - val epoch: 24, loss: 0.4322, miou: 0.7972, f1_or_dsc: 0.8872, accuracy: 0.9433,                 specificity: 0.9522, sensitivity: 0.9157, confusion_matrix: [[38147332  1916165]
 [ 1086151 11803440]]
2026-04-09 23:41:27 - val epoch: 25, loss: 0.3777, miou: 0.8071, f1_or_dsc: 0.8932, accuracy: 0.9479,                 specificity: 0.9649, sensitivity: 0.8952, confusion_matrix: [[38656599  1406898]
 [ 1351330 11538261]]
2026-04-09 23:44:21 - val epoch: 26, loss: 0.3948, miou: 0.8016, f1_or_dsc: 0.8899, accuracy: 0.9439,                 specificity: 0.9480, sensitivity: 0.9312, confusion_matrix: [[37979971  2083526]
 [  887071 12002520]]
2026-04-09 23:47:15 - val epoch: 27, loss: 0.3772, miou: 0.8112, f1_or_dsc: 0.8958, accuracy: 0.9487,                 specificity: 0.9623, sensitivity: 0.9064, confusion_matrix: [[38551202  1512295]
 [ 1206172 11683419]]
2026-04-09 23:47:15 - 💎 New best mIoU: 0.8112 at epoch 27
2026-04-09 23:50:13 - val epoch: 28, loss: 0.4522, miou: 0.8101, f1_or_dsc: 0.8951, accuracy: 0.9483,                 specificity: 0.9619, sensitivity: 0.9061, confusion_matrix: [[38535764  1527733]
 [ 1210396 11679195]]
2026-04-09 23:53:08 - val epoch: 29, loss: 0.6491, miou: 0.7869, f1_or_dsc: 0.8807, accuracy: 0.9405,                 specificity: 0.9526, sensitivity: 0.9028, confusion_matrix: [[38165299  1898198]
 [ 1252976 11636615]]
2026-04-09 23:56:02 - val epoch: 30, loss: 0.4556, miou: 0.7812, f1_or_dsc: 0.8772, accuracy: 0.9375,                 specificity: 0.9443, sensitivity: 0.9164, confusion_matrix: [[37833050  2230447]
 [ 1077745 11811846]]
2026-04-09 23:58:57 - val epoch: 31, loss: 0.4077, miou: 0.7987, f1_or_dsc: 0.8881, accuracy: 0.9453,                 specificity: 0.9624, sensitivity: 0.8920, confusion_matrix: [[38556209  1507288]
 [ 1391506 11498085]]
2026-04-10 00:01:50 - val epoch: 32, loss: 0.4196, miou: 0.7946, f1_or_dsc: 0.8855, accuracy: 0.9426,                 specificity: 0.9521, sensitivity: 0.9130, confusion_matrix: [[38142929  1920568]
 [ 1121448 11768143]]
2026-04-10 00:04:39 - val epoch: 33, loss: 1.3341, miou: 0.0159, f1_or_dsc: 0.0313, accuracy: 0.7602,                 specificity: 0.9996, sensitivity: 0.0159, confusion_matrix: [[40047501    15996]
 [12684469   205122]]
2026-04-10 00:07:29 - val epoch: 34, loss: 0.3903, miou: 0.8103, f1_or_dsc: 0.8952, accuracy: 0.9483,                 specificity: 0.9612, sensitivity: 0.9081, confusion_matrix: [[38508069  1555428]
 [ 1184733 11704858]]
